// Jest Snapshot v1, https://goo.gl/fbAQLP

exports[`ImgBox ImgBox snapshot 1`] = `
<View
  style={
    Object {
      "flex": 0.2,
      "marginTop": 10,
    }
  }
>
  <View
    style={
      Object {
        "borderColor": "gray",
        "borderRadius": 25,
        "borderWidth": 2,
        "flexDirection": "row",
        "height": 60,
        "width": 500,
      }
    }
  >
    <TextInput
      allowFontScaling={true}
      onChangeText={[Function]}
      placeholder={Object {}}
      rejectResponderTermination={true}
      style={
        Object {
          "fontSize": 16,
          "height": 60,
          "paddingLeft": 50,
          "width": "100%",
        }
      }
      underlineColorAndroid="transparent"
    />
    <View
      style={
        Object {
          "alignItems": "center",
          "height": "100%",
          "justifyContent": "center",
          "position": "absolute",
          "width": 60,
        }
      }
    >
      <Icon
        allowFontScaling={false}
        color="rgba(33, 57, 156,0.6)"
        size={25}
      />
    </View>
  </View>
</View>
`;
