// Jest Snapshot v1, https://goo.gl/fbAQLP

exports[`Registr Registr snapshot 1`] = `
<View
  style={
    Object {
      "backgroundColor": "#d23844",
    }
  }
>
  <Text>
     registrScreen 
  </Text>
</View>
`;
