// Jest Snapshot v1, https://goo.gl/fbAQLP

exports[`Buttons Buttons snapshot 1`] = `
<TouchableOpacity
  activeOpacity={0.2}
  onPress={Object {}}
  style={
    Object {
      "alignItems": "center",
      "flexDirection": "row-reverse",
      "justifyContent": "space-between",
      "width": "100%",
    }
  }
>
  <Icon
    allowFontScaling={false}
    color="rgba(33, 57, 156,0.6)"
    name={Object {}}
    size={25}
  />
  <Text
    style={
      Object {
        "color": "#rgba(255,255,255,0.6)",
        "fontFamily": "Roboto-Bold",
        "fontSize": 18,
      }
    }
  />
</TouchableOpacity>
`;
